[backblue.gif]
[fade.gif]
[index.html]
[socr.serv00.net/xdate/index_files/analytics.js.téléchargement]
[socr.serv00.net/xdate/index_files/analytics(1).js.téléchargement]
[socr.serv00.net/xdate/index_files/css2]
[www.xdate.ch/apple-touch-icon.a.delayed]
[www.xdate.ch/favicon-32x32.png]
[www.xdate.ch/favicon-16x16.png]
[socr.serv00.net/xdate/index_files/js]
[www.google-analytics.com/analytics.js]
[socr.serv00.net/xdate/index_files/m=el_main_css]
[socr.serv00.net/xdate/index_files/bg_blur.jpg]
[socr.serv00.net/xdate/index_files/jquery-3.6.0.min.js.téléchargement]
[socr.serv00.net/xdate/index_files/runtime.6b0ff727.js.téléchargement]
[socr.serv00.net/xdate/index_files/app.703a3838.js.téléchargement]
[socr.serv00.net/xdate/index_files/vcd15cbe7772f49c399c6a5babf22c1241717689176015]
[socr.serv00.net/xdate/index.html]
[socr.serv00.net/xdate/e,location.html]
[socr.serv00.net/xdate/index_files/app.ecbf778d6915abe2c103.css]
[socr.serv00.net/xdate/index_files/app-sm-up.ed58d576eb404ffd6dc5.css]
[socr.serv00.net/xdate/index_files/app-md-up.3d91622ac5c68243b114.css]
[socr.serv00.net/xdate/index_files/app-lg-up.700cd2bbcdd71b8ff1c8.css]
[socr.serv00.net/xdate/index_files/app-xl-up.be1588e36490be757208.css]
[socr.serv00.net/xdate/index_files/app-print.44391a8cce55979519c7.css]
[www.xdate.ch/apple-touch-icon.html]
[www.xdate.ch/favicon-32x32.html]
[www.xdate.ch/favicon-16x16.html]
[socr.serv00.net/xdate/index_files/rul.html]
[socr.serv00.net/xdate/index_files/24px.svg]
[socr.serv00.net/xdate/index_files/saved_resource.html]
[socr.serv00.net/build/images/loading.fcba57cd.html]
[socr.serv00.net/img/bg_blur.html]
[socr.serv00.net/xdate/index_files/No data. Did you remember to include stringsd41d.html]
[socr.serv00.net/xdate/index_files/chrome-error_/chromewebdata/index.html]
